{
  "compiled_paths": [
    "home/malcolmp/devl/physreloc/build/iguana/include/interfaces/naming_serverloop.c",
    "home/malcolmp/devl/physreloc/iguana/naming/src/naming_server.c",
    "home/malcolmp/devl/physreloc/libs/binary_tree/src/binary_tree.c",
    "home/malcolmp/devl/physreloc/libs/c/src/assert.c",
    "home/malcolmp/devl/physreloc/libs/c/src/calloc.c",
    "home/malcolmp/devl/physreloc/libs/c/src/exit.c",
    "home/malcolmp/devl/physreloc/libs/c/src/format.c",
    "home/malcolmp/devl/physreloc/libs/c/src/fprintf.c",
    "home/malcolmp/devl/physreloc/libs/c/src/fputc.c",
    "home/malcolmp/devl/physreloc/libs/c/src/malloc.c",
    "home/malcolmp/devl/physreloc/libs/c/src/memset.c",
    "home/malcolmp/devl/physreloc/libs/c/src/printf.c",
    "home/malcolmp/devl/physreloc/libs/c/src/puts.c",
    "home/malcolmp/devl/physreloc/libs/c/src/strcmp.c",
    "home/malcolmp/devl/physreloc/libs/c/src/strcpy.c",
    "home/malcolmp/devl/physreloc/libs/c/src/strlen.c",
    "home/malcolmp/devl/physreloc/libs/c/src/sys-iguana/sys_abort.c",
    "home/malcolmp/devl/physreloc/libs/c/src/sys-iguana/sys_exit.c",
    "home/malcolmp/devl/physreloc/libs/c/src/sys-iguana/sys_init.c",
    "home/malcolmp/devl/physreloc/libs/c/src/sys-iguana/sys_morecore.c",
    "home/malcolmp/devl/physreloc/libs/c/src/sys-iguana/sys_stdio.c",
    "home/malcolmp/devl/physreloc/libs/c/src/vfprintf.c",
    "home/malcolmp/devl/physreloc/libs/circular_buffer/src/cb_attach.c",
    "home/malcolmp/devl/physreloc/libs/circular_buffer/src/cb_get.c",
    "home/malcolmp/devl/physreloc/libs/circular_buffer/src/cb_new_withmem.c",
    "home/malcolmp/devl/physreloc/libs/circular_buffer/src/circular_buffer.c",
    "home/malcolmp/devl/physreloc/libs/iguana/src/asynch.c",
    "home/malcolmp/devl/physreloc/libs/iguana/src/cap.c",
    "home/malcolmp/devl/physreloc/libs/iguana/src/memsection.c",
    "home/malcolmp/devl/physreloc/libs/iguana/src/object.c",
    "home/malcolmp/devl/physreloc/libs/iguana/src/pd.c",
    "home/malcolmp/devl/physreloc/libs/iguana/src/session.c",
    "home/malcolmp/devl/physreloc/libs/iguana/src/setup.c",
    "home/malcolmp/devl/physreloc/libs/iguana/src/thread.c",
    "home/malcolmp/devl/physreloc/libs/iguana/src/tls.c",
    "home/malcolmp/devl/physreloc/libs/l4e/src/l4e_misc.c",
    "home/malcolmp/devl/physreloc/libs/ll/src/linked_list.c",
    "home/malcolmp/devl/physreloc/libs/mutex/src/mutex.c",
    "home/malcolmp/devl/physreloc/libs/naming/src/naming.c"
  ],
  "included_paths": [
    "build/iguana/include/arch/stdint.h",
    "build/iguana/include/binary_tree/binary_tree.h",
    "build/iguana/include/circular_buffer/cb.h",
    "build/iguana/include/iguana/asynch.h",
    "build/iguana/include/iguana/cap.h",
    "build/iguana/include/iguana/interface_uuids.h",
    "build/iguana/include/iguana/object.h",
    "build/iguana/include/iguana/session.h",
    "build/iguana/include/iguana/thread.h",
    "build/iguana/include/iguana/types.h",
    "build/iguana/include/interfaces/iguana_client.h",
    "build/iguana/include/interfaces/naming_client.h",
    "build/iguana/include/interfaces/naming_serverloop.c",
    "build/iguana/include/l4/arch/kdebug.h",
    "build/iguana/include/l4/arch/specials.h",
    "build/iguana/include/l4/arch/types.h",
    "build/iguana/include/l4/arch/vregs.h",
    "build/iguana/include/l4/ipc.h",
    "build/iguana/include/l4/kcp.h",
    "build/iguana/include/l4/kdebug.h",
    "build/iguana/include/l4/kip.h",
    "build/iguana/include/l4/message.h",
    "build/iguana/include/l4/thread.h",
    "build/iguana/include/l4/types.h",
    "build/iguana/include/ll/ll.h",
    "build/iguana/include/mutex/mutex.h",
    "build/iguana/include/naming/naming.h",
    "build/iguana/include/stdarg.h",
    "build/iguana/include/stddef.h",
    "build/iguana/include/stdint.h",
    "build/iguana/include/stdio.h",
    "iguana/naming/src/naming_server.c",
    "libs/binary_tree/src/binary_tree.c",
    "libs/c/src/assert.c",
    "libs/c/src/calloc.c",
    "libs/c/src/exit.c",
    "libs/c/src/format.c",
    "libs/c/src/fprintf.c",
    "libs/c/src/fputc.c",
    "libs/c/src/k_r_malloc.h",
    "libs/c/src/k_r_malloc.h",
    "libs/c/src/malloc.c",
    "libs/c/src/memset.c",
    "libs/c/src/printf.c",
    "libs/c/src/puts.c",
    "libs/c/src/strcmp.c",
    "libs/c/src/strcpy.c",
    "libs/c/src/strlen.c",
    "libs/c/src/sys-iguana/sys_abort.c",
    "libs/c/src/sys-iguana/sys_exit.c",
    "libs/c/src/sys-iguana/sys_init.c",
    "libs/c/src/sys-iguana/sys_morecore.c",
    "libs/c/src/sys-iguana/sys_stdio.c",
    "libs/c/src/vfprintf.c",
    "libs/circular_buffer/src/cb_attach.c",
    "libs/circular_buffer/src/cb_get.c",
    "libs/circular_buffer/src/cb_new_withmem.c",
    "libs/circular_buffer/src/circular_buffer.c",
    "libs/iguana/src/asynch.c",
    "libs/iguana/src/cap.c",
    "libs/iguana/src/memsection.c",
    "libs/iguana/src/object.c",
    "libs/iguana/src/pd.c",
    "libs/iguana/src/session.c",
    "libs/iguana/src/setup.c",
    "libs/iguana/src/thread.c",
    "libs/iguana/src/tls.c",
    "libs/l4e/src/l4e_misc.c",
    "libs/ll/src/linked_list.c",
    "libs/mutex/src/mutex.c",
    "libs/naming/src/naming.c",
    "tools/magpie/include/idl4biguuid/api/v4/interface.h"
  ]
}