{
  "compiled_paths": [
    "home/wdenisse/Concepts/shlibs/stub/ping.c"
  ],
  "included_paths": []
}