{
  "compiled_paths": [
    "home/yann/devel/pyelftools/test/testfiles/exe_solaris64.elf.c"
  ],
  "included_paths": []
}