{
  "compiled_paths": [
    "usr/src/debug/labrea-2.5-stable-1/src/bget.c",
    "usr/src/debug/labrea-2.5-stable-1/src/ctl.c",
    "usr/src/debug/labrea-2.5-stable-1/src/labrea.c",
    "usr/src/debug/labrea-2.5-stable-1/src/labrea_init.c",
    "usr/src/debug/labrea-2.5-stable-1/src/lbio.c",
    "usr/src/debug/labrea-2.5-stable-1/src/pcaputil.c",
    "usr/src/debug/labrea-2.5-stable-1/src/pkt.c",
    "usr/src/debug/labrea-2.5-stable-1/src/pkt_handler.c",
    "usr/src/debug/labrea-2.5-stable-1/src/strlcpy.c",
    "usr/src/debug/labrea-2.5-stable-1/src/utils.c"
  ],
  "included_paths": [
    "usr/include/assert.h",
    "usr/include/bits/fcntl2.h",
    "usr/include/bits/sigset.h",
    "usr/include/bits/stdio2.h",
    "usr/include/bits/string3.h",
    "usr/include/bits/syslog.h",
    "usr/include/bits/time.h",
    "usr/include/bits/types.h",
    "usr/include/ctype.h",
    "usr/include/dnet/addr.h",
    "usr/include/dnet/arp.h",
    "usr/include/dnet/eth.h",
    "usr/include/dnet/icmp.h",
    "usr/include/dnet/intf.h",
    "usr/include/dnet/ip.h",
    "usr/include/dnet/ip6.h",
    "usr/include/dnet/rand.h",
    "usr/include/dnet/tcp.h",
    "usr/include/dnet/udp.h",
    "usr/include/libio.h",
    "usr/include/netdb.h",
    "usr/include/netinet/in.h",
    "usr/include/pcap/bpf.h",
    "usr/include/pcap/pcap.h",
    "usr/include/signal.h",
    "usr/include/stdint.h",
    "usr/include/stdio.h",
    "usr/include/stdlib.h",
    "usr/include/string.h",
    "usr/include/sys/select.h",
    "usr/include/sys/syslog.h",
    "usr/include/sys/types.h",
    "usr/include/time.h",
    "usr/include/unistd.h",
    "usr/lib/gcc/armv7hl-redhat-linux-gnueabi/4.7.0/include/stdarg.h",
    "usr/lib/gcc/armv7hl-redhat-linux-gnueabi/4.7.0/include/stddef.h",
    "usr/src/debug/labrea-2.5-stable-1/config.h",
    "usr/src/debug/labrea-2.5-stable-1/inc/bget.h",
    "usr/src/debug/labrea-2.5-stable-1/inc/ctl.h",
    "usr/src/debug/labrea-2.5-stable-1/inc/err.h",
    "usr/src/debug/labrea-2.5-stable-1/inc/getopt.h",
    "usr/src/debug/labrea-2.5-stable-1/inc/labrea.h",
    "usr/src/debug/labrea-2.5-stable-1/inc/lbio.h",
    "usr/src/debug/labrea-2.5-stable-1/inc/pcaputil.h",
    "usr/src/debug/labrea-2.5-stable-1/inc/pkt.h",
    "usr/src/debug/labrea-2.5-stable-1/inc/utils.h",
    "usr/src/debug/labrea-2.5-stable-1/src/<built-in>"
  ]
}