[
  [
    "compiled_path",
    "/usr/src/debug/OOoLatexEmf_noarch_src/latex2emf.cpp"
  ],
  [
    "included_path",
    "/usr/src/debug/OOoLatexEmf_noarch_src/<built-in>"
  ],
  [
    "included_path",
    "/usr/include/c++/4.7.0/ppc64-redhat-linux/bits/c++config.h"
  ],
  [
    "included_path",
    "/usr/include/c++/4.7.0/cwchar"
  ],
  [
    "included_path",
    "/usr/include/c++/4.7.0/debug/debug.h"
  ],
  [
    "included_path",
    "/usr/include/c++/4.7.0/clocale"
  ],
  [
    "included_path",
    "/usr/include/c++/4.7.0/bits/basic_string.h"
  ],
  [
    "included_path",
    "/usr/include/c++/4.7.0/bits/stringfwd.h"
  ],
  [
    "included_path",
    "/usr/include/c++/4.7.0/bits/ios_base.h"
  ],
  [
    "included_path",
    "/usr/include/c++/4.7.0/cwctype"
  ],
  [
    "included_path",
    "/usr/include/c++/4.7.0/istream"
  ],
  [
    "included_path",
    "/usr/include/c++/4.7.0/bits/locale_facets.h"
  ],
  [
    "included_path",
    "/usr/include/c++/4.7.0/cstdio"
  ],
  [
    "included_path",
    "/usr/include/c++/4.7.0/bits/postypes.h"
  ],
  [
    "included_path",
    "/usr/include/c++/4.7.0/cstdlib"
  ],
  [
    "included_path",
    "/usr/include/c++/4.7.0/bits/basic_ios.h"
  ],
  [
    "included_path",
    "/usr/include/c++/4.7.0/ostream"
  ],
  [
    "included_path",
    "/usr/include/c++/4.7.0/iosfwd"
  ],
  [
    "included_path",
    "/usr/include/c++/4.7.0/fstream"
  ],
  [
    "included_path",
    "/usr/include/c++/4.7.0/iostream"
  ],
  [
    "included_path",
    "/usr/include/c++/4.7.0/bits/functexcept.h"
  ],
  [
    "included_path",
    "/usr/include/stdio.h"
  ],
  [
    "included_path",
    "/usr/include/libio.h"
  ],
  [
    "included_path",
    "/usr/lib/gcc/ppc64-redhat-linux/4.7.0/include/stddef.h"
  ],
  [
    "included_path",
    "/usr/include/wchar.h"
  ],
  [
    "included_path",
    "/usr/include/bits/wchar2.h"
  ],
  [
    "included_path",
    "/usr/include/time.h"
  ],
  [
    "included_path",
    "/usr/include/c++/4.7.0/ext/new_allocator.h"
  ],
  [
    "included_path",
    "/usr/include/c++/4.7.0/ext/atomicity.h"
  ],
  [
    "included_path",
    "/usr/include/c++/4.7.0/bits/char_traits.h"
  ],
  [
    "included_path",
    "/usr/include/locale.h"
  ],
  [
    "included_path",
    "/usr/include/bits/types.h"
  ],
  [
    "included_path",
    "/usr/include/c++/4.7.0/ppc64-redhat-linux/bits/atomic_word.h"
  ],
  [
    "included_path",
    "/usr/include/c++/4.7.0/bits/allocator.h"
  ],
  [
    "included_path",
    "/usr/include/c++/4.7.0/ext/numeric_traits.h"
  ],
  [
    "included_path",
    "/usr/include/c++/4.7.0/bits/basic_string.tcc"
  ],
  [
    "included_path",
    "/usr/include/wctype.h"
  ],
  [
    "included_path",
    "/usr/include/_G_config.h"
  ],
  [
    "included_path",
    "/usr/include/bits/stdio2.h"
  ],
  [
    "included_path",
    "/usr/include/bits/stdio.h"
  ],
  [
    "included_path",
    "/usr/include/stdlib.h"
  ],
  [
    "included_path",
    "/usr/include/bits/stdlib.h"
  ],
  [
    "included_path",
    "/usr/include/libEMF/wine/winnt.h"
  ],
  [
    "included_path",
    "/usr/include/libEMF/wine/windef.h"
  ],
  [
    "included_path",
    "/usr/include/libEMF/wine/wingdi.h"
  ],
  [
    "included_path",
    "/usr/include/c++/4.7.0/bits/stl_iterator_base_types.h"
  ],
  [
    "included_path",
    "/usr/include/c++/4.7.0/bits/stl_iterator.h"
  ],
  [
    "included_path",
    "/usr/include/c++/4.7.0/ppc64-redhat-linux/bits/gthr-default.h"
  ],
  [
    "included_path",
    "/usr/include/bits/string3.h"
  ]
]