[
  [
    "compiled_path",
    "/tmp/buildd/gnutls26-2.12.20/libextra/gnutls_openssl.c"
  ],
  [
    "included_path",
    "/usr/lib/gcc/m68k-linux-gnu/4.6/include/stddef.h"
  ],
  [
    "included_path",
    "/usr/include/m68k-linux-gnu/bits/types.h"
  ],
  [
    "included_path",
    "/usr/include/m68k-linux-gnu/sys/types.h"
  ],
  [
    "included_path",
    "/usr/include/time.h"
  ],
  [
    "included_path",
    "/tmp/buildd/gnutls26-2.12.20/libextra/./../lib/includes/gnutls/gnutls.h"
  ],
  [
    "included_path",
    "/tmp/buildd/gnutls26-2.12.20/libextra/../lib/gnutls_int.h"
  ],
  [
    "included_path",
    "/tmp/buildd/gnutls26-2.12.20/libextra/./../lib/x509/x509_int.h"
  ],
  [
    "included_path",
    "/tmp/buildd/gnutls26-2.12.20/libextra/./../lib/includes/gnutls/compat.h"
  ],
  [
    "included_path",
    "/tmp/buildd/gnutls26-2.12.20/libextra/./includes/gnutls/openssl.h"
  ],
  [
    "included_path",
    "/usr/include/libio.h"
  ],
  [
    "included_path",
    "/usr/include/stdint.h"
  ],
  [
    "included_path",
    "/tmp/buildd/gnutls26-2.12.20/libextra/./../lib/includes/gnutls/crypto.h"
  ],
  [
    "included_path",
    "/tmp/buildd/gnutls26-2.12.20/libextra/./../lib/gnutls_str.h"
  ],
  [
    "included_path",
    "/tmp/buildd/gnutls26-2.12.20/libextra/./../lib/gnutls_hash_int.h"
  ],
  [
    "included_path",
    "/tmp/buildd/gnutls26-2.12.20/libextra/./../lib/gnutls_cipher_int.h"
  ],
  [
    "included_path",
    "/tmp/buildd/gnutls26-2.12.20/libextra/./../lib/gnutls_compress.h"
  ],
  [
    "included_path",
    "/tmp/buildd/gnutls26-2.12.20/libextra/./../lib/includes/gnutls/openpgp.h"
  ],
  [
    "included_path",
    "/usr/include/libtasn1.h"
  ],
  [
    "included_path",
    "/tmp/buildd/gnutls26-2.12.20/libextra/./../lib/gnutls_cert.h"
  ],
  [
    "included_path",
    "/usr/include/m68k-linux-gnu/bits/string3.h"
  ],
  [
    "included_path",
    "/usr/include/m68k-linux-gnu/bits/stdio2.h"
  ],
  [
    "included_path",
    "/usr/include/stdio.h"
  ],
  [
    "included_path",
    "/tmp/buildd/gnutls26-2.12.20/libextra/./../lib/gnutls_pk.h"
  ],
  [
    "compiled_path",
    "/tmp/buildd/gnutls26-2.12.20/libextra/openssl_compat.c"
  ],
  [
    "included_path",
    "/tmp/buildd/gnutls26-2.12.20/libextra/./../lib/includes/gnutls/x509.h"
  ],
  [
    "included_path",
    "/tmp/buildd/gnutls26-2.12.20/libextra/./../lib/gnutls_global.h"
  ],
  [
    "compiled_path",
    "/tmp/buildd/gnutls26-2.12.20/lib/gl/c-ctype.c"
  ],
  [
    "compiled_path",
    "/tmp/buildd/gnutls26-2.12.20/lib/gl/fd-hook.c"
  ],
  [
    "compiled_path",
    "/tmp/buildd/gnutls26-2.12.20/lib/gl/read-file.c"
  ],
  [
    "included_path",
    "/usr/include/m68k-linux-gnu/bits/stat.h"
  ],
  [
    "included_path",
    "/usr/include/m68k-linux-gnu/sys/stat.h"
  ],
  [
    "compiled_path",
    "/tmp/buildd/gnutls26-2.12.20/lib/gl/sockets.c"
  ],
  [
    "compiled_path",
    "/tmp/buildd/gnutls26-2.12.20/lib/gl/asnprintf.c"
  ],
  [
    "included_path",
    "/usr/lib/gcc/m68k-linux-gnu/4.6/include/stdarg.h"
  ],
  [
    "compiled_path",
    "/tmp/buildd/gnutls26-2.12.20/lib/gl/printf-args.c"
  ],
  [
    "included_path",
    "/tmp/buildd/gnutls26-2.12.20/lib/gl/printf-args.h"
  ],
  [
    "compiled_path",
    "/tmp/buildd/gnutls26-2.12.20/lib/gl/printf-parse.c"
  ],
  [
    "included_path",
    "/tmp/buildd/gnutls26-2.12.20/lib/gl/printf-parse.h"
  ],
  [
    "included_path",
    "/tmp/buildd/gnutls26-2.12.20/lib/gl/xsize.h"
  ],
  [
    "compiled_path",
    "/tmp/buildd/gnutls26-2.12.20/lib/gl/vasnprintf.c"
  ]
]