{
  "compiled_paths": [
    "home/eliben/eli/esms/src/penalty.cpp"
  ],
  "included_paths": [
    "home/eliben/eli/esms/src/game.h"
  ]
}