[
  [
    "compiled_path",
    "/usr/src/packages/BUILD/glibc-2.6.1/csu/init.c"
  ],
  [
    "compiled_path",
    "/usr/src/packages/BUILD/glibc-2.6.1/cc-nptl/csu/crti.S"
  ],
  [
    "compiled_path",
    "/home/jqbx34/ssdeep-2.0/main.c"
  ],
  [
    "included_path",
    "/usr/lib/gcc/i586-suse-linux/4.2.1/include/stddef.h"
  ],
  [
    "included_path",
    "/usr/include/bits/types.h"
  ],
  [
    "included_path",
    "/usr/include/stdio.h"
  ],
  [
    "included_path",
    "/usr/include/libio.h"
  ],
  [
    "included_path",
    "/usr/include/stdint.h"
  ],
  [
    "included_path",
    "/home/jqbx34/ssdeep-2.0/main.h"
  ],
  [
    "included_path",
    "/usr/include/stdlib.h"
  ],
  [
    "included_path",
    "/usr/include/getopt.h"
  ],
  [
    "included_path",
    "/home/jqbx34/ssdeep-2.0/ssdeep.h"
  ],
  [
    "compiled_path",
    "/home/jqbx34/ssdeep-2.0/match.c"
  ],
  [
    "compiled_path",
    "/home/jqbx34/ssdeep-2.0/engine.c"
  ],
  [
    "compiled_path",
    "/home/jqbx34/ssdeep-2.0/dig.c"
  ],
  [
    "included_path",
    "/usr/include/time.h"
  ],
  [
    "included_path",
    "/usr/include/bits/stat.h"
  ],
  [
    "included_path",
    "/usr/include/bits/dirent.h"
  ],
  [
    "included_path",
    "/usr/include/dirent.h"
  ],
  [
    "included_path",
    "/usr/include/sys/stat.h"
  ],
  [
    "compiled_path",
    "/home/jqbx34/ssdeep-2.0/cycles.c"
  ],
  [
    "compiled_path",
    "/home/jqbx34/ssdeep-2.0/helpers.c"
  ],
  [
    "compiled_path",
    "/home/jqbx34/ssdeep-2.0/ui.c"
  ],
  [
    "included_path",
    "/usr/lib/gcc/i586-suse-linux/4.2.1/include/stdarg.h"
  ],
  [
    "included_path",
    "/usr/include/bits/stdio.h"
  ],
  [
    "compiled_path",
    "/home/jqbx34/ssdeep-2.0/fuzzy.c"
  ],
  [
    "compiled_path",
    "/home/jqbx34/ssdeep-2.0/edit_dist.c"
  ],
  [
    "compiled_path",
    "/home/jqbx34/ssdeep-2.0/find-file-size.c"
  ],
  [
    "included_path",
    "/usr/include/sys/types.h"
  ],
  [
    "compiled_path",
    "/usr/src/packages/BUILD/glibc-2.6.1/cc-nptl/csu/crtn.S"
  ]
]