method,lML,S
SS,4974.22903216921,3
HME,-Inf,2
PS,NA,2
