cond,method,lML,S
ttt.2cells,HME,-Inf,2
ttt.2cells,SS,4691.02251070853,2
ttt.2cells,PS,NA,2
ttt.3cells,HME,-Inf,3
ttt.3cells,SS,4974.22903216921,3
ttt.3cells,PS,NA,3
