[
  [
    "compiled_path",
    "C:\\keil\\ARM\\Inc\\Infineon\\SLE90\\FW_M9900_A22.h"
  ],
  [
    "included_path",
    "C:\\keil\\ARM\\Inc\\Infineon\\SLE90\\/FW_M9900_A22.h"
  ],
  [
    "compiled_path",
    "C:\\Users\\tauche\\git\\verification\\jdb\\tests\\SLE90\\tools\\fausi\\python_elf_test\\uvision/..\\..\\..\\..\\..\\..\\src\\c\\system_m9900_usermailbox.h"
  ],
  [
    "compiled_path",
    "C:\\keil\\ARM\\ARMCC\\bin\\..\\include\\stdint.h"
  ],
  [
    "included_path",
    "C:\\keil\\ARM\\ARMCC\\bin\\..\\include\\/stdint.h"
  ],
  [
    "compiled_path",
    "C:\\Users\\tauche\\git\\verification\\jdb\\tests\\SLE90\\tools\\fausi\\python_elf_test\\uvision/..\\src\\main.c"
  ],
  [
    "compiled_path",
    "C:\\Users\\tauche\\git\\verification\\jdb\\tests\\SLE90\\tools\\fausi\\python_elf_test\\uvision/..\\..\\..\\..\\..\\..\\src\\asm\\startup_SLE9x.s"
  ],
  [
    "compiled_path",
    "C:\\Users\\tauche\\git\\verification\\jdb\\tests\\SLE90\\tools\\fausi\\python_elf_test\\uvision/..\\..\\..\\..\\..\\..\\src\\c\\system_SLE90.c"
  ],
  [
    "included_path",
    "C:\\Users\\tauche\\git\\verification\\jdb\\tests\\SLE90\\tools\\fausi\\python_elf_test\\uvision/..\\..\\..\\..\\..\\..\\src\\c\\/system_SLE90.c"
  ]
]