[
  [
    "compiled_path",
    "/home/wdenisse/Concepts/shlibs/stub/ping.c"
  ]
]