[
  [
    "compiled_path",
    "/home/eliben/eli/eliben-code/elf/dwarf4_simple.c"
  ]
]