[
  [
    "compiled_path",
    "\\\\Mac\\Home\\dev\\github.com\\0xC0DED00D\\firmware/./thirdparty/newlib/gmtime_r.c"
  ]
]