[
  [
    "compiled_path",
    "/usr/src/debug/labrea-2.5-stable-1/src/labrea.c"
  ],
  [
    "included_path",
    "/usr/include/bits/types.h"
  ],
  [
    "included_path",
    "/usr/include/sys/types.h"
  ],
  [
    "included_path",
    "/usr/include/time.h"
  ],
  [
    "included_path",
    "/usr/lib/gcc/armv7hl-redhat-linux-gnueabi/4.7.0/include/stddef.h"
  ],
  [
    "included_path",
    "/usr/include/bits/sigset.h"
  ],
  [
    "included_path",
    "/usr/include/bits/time.h"
  ],
  [
    "included_path",
    "/usr/src/debug/labrea-2.5-stable-1/src/../inc/labrea.h"
  ],
  [
    "included_path",
    "/usr/include/signal.h"
  ],
  [
    "included_path",
    "/usr/include/stdint.h"
  ],
  [
    "included_path",
    "/usr/include/dnet/eth.h"
  ],
  [
    "included_path",
    "/usr/include/dnet/ip.h"
  ],
  [
    "included_path",
    "/usr/include/dnet/ip6.h"
  ],
  [
    "included_path",
    "/usr/include/dnet/addr.h"
  ],
  [
    "included_path",
    "/usr/include/dnet/intf.h"
  ],
  [
    "included_path",
    "/usr/include/dnet/rand.h"
  ],
  [
    "included_path",
    "/usr/src/debug/labrea-2.5-stable-1/src/../inc/ctl.h"
  ],
  [
    "included_path",
    "/usr/src/debug/labrea-2.5-stable-1/src/../inc/utils.h"
  ],
  [
    "included_path",
    "/usr/include/pcap/bpf.h"
  ],
  [
    "included_path",
    "/usr/include/libio.h"
  ],
  [
    "included_path",
    "/usr/include/pcap/pcap.h"
  ],
  [
    "included_path",
    "/usr/src/debug/labrea-2.5-stable-1/src/../inc/lbio.h"
  ],
  [
    "included_path",
    "/usr/include/stdio.h"
  ],
  [
    "compiled_path",
    "/usr/src/debug/labrea-2.5-stable-1/src/labrea_init.c"
  ],
  [
    "included_path",
    "/usr/src/debug/labrea-2.5-stable-1/src/../inc/getopt.h"
  ],
  [
    "included_path",
    "/usr/include/bits/string3.h"
  ],
  [
    "included_path",
    "/usr/include/bits/stdio2.h"
  ],
  [
    "included_path",
    "/usr/src/debug/labrea-2.5-stable-1/src/../config.h"
  ],
  [
    "included_path",
    "/usr/include/stdlib.h"
  ],
  [
    "included_path",
    "/usr/src/debug/labrea-2.5-stable-1/src/../inc/err.h"
  ],
  [
    "included_path",
    "/usr/include/string.h"
  ],
  [
    "compiled_path",
    "/usr/src/debug/labrea-2.5-stable-1/src/pkt_handler.c"
  ],
  [
    "included_path",
    "/usr/include/netinet/in.h"
  ],
  [
    "included_path",
    "/usr/include/dnet/arp.h"
  ],
  [
    "included_path",
    "/usr/include/dnet/icmp.h"
  ],
  [
    "included_path",
    "/usr/include/dnet/tcp.h"
  ],
  [
    "included_path",
    "/usr/include/dnet/udp.h"
  ],
  [
    "included_path",
    "/usr/src/debug/labrea-2.5-stable-1/src/../inc/pkt.h"
  ],
  [
    "included_path",
    "/usr/src/debug/labrea-2.5-stable-1/src/<built-in>"
  ],
  [
    "compiled_path",
    "/usr/src/debug/labrea-2.5-stable-1/src/lbio.c"
  ],
  [
    "included_path",
    "/usr/include/assert.h"
  ],
  [
    "included_path",
    "/usr/src/debug/labrea-2.5-stable-1/src/../inc/pcaputil.h"
  ],
  [
    "included_path",
    "/usr/src/debug/labrea-2.5-stable-1/src/../inc/bget.h"
  ],
  [
    "compiled_path",
    "/usr/src/debug/labrea-2.5-stable-1/src/ctl.c"
  ],
  [
    "included_path",
    "/usr/include/netdb.h"
  ],
  [
    "included_path",
    "/usr/include/ctype.h"
  ],
  [
    "compiled_path",
    "/usr/src/debug/labrea-2.5-stable-1/src/utils.c"
  ],
  [
    "included_path",
    "/usr/include/sys/select.h"
  ],
  [
    "included_path",
    "/usr/lib/gcc/armv7hl-redhat-linux-gnueabi/4.7.0/include/stdarg.h"
  ],
  [
    "included_path",
    "/usr/include/bits/syslog.h"
  ],
  [
    "included_path",
    "/usr/include/bits/fcntl2.h"
  ],
  [
    "included_path",
    "/usr/include/sys/syslog.h"
  ],
  [
    "included_path",
    "/usr/include/unistd.h"
  ],
  [
    "compiled_path",
    "/usr/src/debug/labrea-2.5-stable-1/src/pcaputil.c"
  ],
  [
    "compiled_path",
    "/usr/src/debug/labrea-2.5-stable-1/src/bget.c"
  ],
  [
    "compiled_path",
    "/usr/src/debug/labrea-2.5-stable-1/src/pkt.c"
  ],
  [
    "compiled_path",
    "/usr/src/debug/labrea-2.5-stable-1/src/strlcpy.c"
  ]
]