{
  "compiled_paths": [
    "usr/src/debug/OOoLatexEmf_noarch_src/latex2emf.cpp"
  ],
  "included_paths": [
    "usr/include/_G_config.h",
    "usr/include/bits/stdio.h",
    "usr/include/bits/stdio2.h",
    "usr/include/bits/stdlib.h",
    "usr/include/bits/string3.h",
    "usr/include/bits/types.h",
    "usr/include/bits/wchar2.h",
    "usr/include/c++/4.7.0/bits/allocator.h",
    "usr/include/c++/4.7.0/bits/basic_ios.h",
    "usr/include/c++/4.7.0/bits/basic_string.h",
    "usr/include/c++/4.7.0/bits/basic_string.tcc",
    "usr/include/c++/4.7.0/bits/char_traits.h",
    "usr/include/c++/4.7.0/bits/functexcept.h",
    "usr/include/c++/4.7.0/bits/ios_base.h",
    "usr/include/c++/4.7.0/bits/locale_facets.h",
    "usr/include/c++/4.7.0/bits/postypes.h",
    "usr/include/c++/4.7.0/bits/stl_iterator.h",
    "usr/include/c++/4.7.0/bits/stl_iterator_base_types.h",
    "usr/include/c++/4.7.0/bits/stringfwd.h",
    "usr/include/c++/4.7.0/clocale",
    "usr/include/c++/4.7.0/cstdio",
    "usr/include/c++/4.7.0/cstdlib",
    "usr/include/c++/4.7.0/cwchar",
    "usr/include/c++/4.7.0/cwctype",
    "usr/include/c++/4.7.0/debug/debug.h",
    "usr/include/c++/4.7.0/ext/atomicity.h",
    "usr/include/c++/4.7.0/ext/new_allocator.h",
    "usr/include/c++/4.7.0/ext/numeric_traits.h",
    "usr/include/c++/4.7.0/fstream",
    "usr/include/c++/4.7.0/iosfwd",
    "usr/include/c++/4.7.0/iostream",
    "usr/include/c++/4.7.0/istream",
    "usr/include/c++/4.7.0/ostream",
    "usr/include/c++/4.7.0/ppc64-redhat-linux/bits/atomic_word.h",
    "usr/include/c++/4.7.0/ppc64-redhat-linux/bits/c++config.h",
    "usr/include/c++/4.7.0/ppc64-redhat-linux/bits/gthr-default.h",
    "usr/include/libEMF/wine/windef.h",
    "usr/include/libEMF/wine/wingdi.h",
    "usr/include/libEMF/wine/winnt.h",
    "usr/include/libio.h",
    "usr/include/locale.h",
    "usr/include/stdio.h",
    "usr/include/stdlib.h",
    "usr/include/time.h",
    "usr/include/wchar.h",
    "usr/include/wctype.h",
    "usr/lib/gcc/ppc64-redhat-linux/4.7.0/include/stddef.h",
    "usr/src/debug/OOoLatexEmf_noarch_src/<built-in>"
  ]
}