[
  [
    "compiled_path",
    "/home/eliben/eli/esms/src/penalty.cpp"
  ],
  [
    "included_path",
    "/home/eliben/eli/esms/src/./game.h"
  ]
]