{
  "compiled_paths": [
    "home/frederik/src/git/pyelftools/test/testfiles_for_readelf/hello.c"
  ],
  "included_paths": []
}