[
  [
    "compiled_path",
    "/home/bseifers/hello.c"
  ],
  [
    "included_path",
    "/home/bseifers/hello.h"
  ]
]