---
source: codegen-sdk-cst-generator/src/tests/test_subtypes.rs
expression: "crate::test_util::snapshot_string(&output)"
---
use std::sync::Arc;
use tree_sitter;
use codegen_sdk_common::*;
use subenum::subenum;
use std::backtrace::Backtrace;
use bytes::Bytes;
use ambassador::Delegate;
use derive_more::Debug;
use ambassador::delegate_to_methods;
use codegen_sdk_cst::CSTLanguage;
use crate::cst::tree::ParseContext;
use std::path::PathBuf;
#[subenum(Declaration, FunctionDeclaration, Statement)]
#[derive(Debug, Eq, PartialEq, Clone, Hash, salsa::Update, Delegate, Ord, PartialOrd)]
#[delegate(CSTNode<'db1>)]
pub enum NodeTypes<'db1> {
    #[subenum(Declaration, Statement)]
    ClassDeclaration(ClassDeclaration<'db1>),
    #[subenum(Statement)]
    ExpressionStatement(ExpressionStatement<'db1>),
    #[subenum(FunctionDeclaration, Declaration, Statement)]
    MethodDeclaration(MethodDeclaration<'db1>),
}
impl<'db3> From<ClassDeclaration<'db3>> for NodeTypes<'db3> {
    fn from(node: ClassDeclaration<'db3>) -> Self {
        Self::ClassDeclaration(node)
    }
}
impl<'db3> From<ExpressionStatement<'db3>> for NodeTypes<'db3> {
    fn from(node: ExpressionStatement<'db3>) -> Self {
        Self::ExpressionStatement(node)
    }
}
impl<'db3> From<MethodDeclaration<'db3>> for NodeTypes<'db3> {
    fn from(node: MethodDeclaration<'db3>) -> Self {
        Self::MethodDeclaration(node)
    }
}
impl<'db4> FromNode<'db4, NodeTypes<'db4>> for Declaration<'db4> {
    fn from_node(
        context: &mut ParseContext<'db4, NodeTypes<'db4>>,
        node: tree_sitter::Node,
    ) -> Result<(Self, Vec<indextree::NodeId>), ParseError> {
        match node.kind_id() {
            0u16 => {
                let (node, ids) = MethodDeclaration::from_node(context, node)?;
                Ok((Self::MethodDeclaration(node), ids))
            }
            _ => {
                Err(ParseError::UnexpectedNode {
                    node_type: node.kind().to_string(),
                    backtrace: Backtrace::capture(),
                })
            }
        }
    }
}
impl<'db4> FromNode<'db4, NodeTypes<'db4>> for FunctionDeclaration<'db4> {
    fn from_node(
        context: &mut ParseContext<'db4, NodeTypes<'db4>>,
        node: tree_sitter::Node,
    ) -> Result<(Self, Vec<indextree::NodeId>), ParseError> {
        match node.kind_id() {
            0u16 => {
                let (node, ids) = MethodDeclaration::from_node(context, node)?;
                Ok((Self::MethodDeclaration(node), ids))
            }
            _ => {
                Err(ParseError::UnexpectedNode {
                    node_type: node.kind().to_string(),
                    backtrace: Backtrace::capture(),
                })
            }
        }
    }
}
impl<'db4> FromNode<'db4, NodeTypes<'db4>> for Statement<'db4> {
    fn from_node(
        context: &mut ParseContext<'db4, NodeTypes<'db4>>,
        node: tree_sitter::Node,
    ) -> Result<(Self, Vec<indextree::NodeId>), ParseError> {
        match node.kind_id() {
            0u16 => {
                let (node, ids) = MethodDeclaration::from_node(context, node)?;
                Ok((Self::MethodDeclaration(node), ids))
            }
            _ => {
                Err(ParseError::UnexpectedNode {
                    node_type: node.kind().to_string(),
                    backtrace: Backtrace::capture(),
                })
            }
        }
    }
}
#[subenum(DeclarationRef, FunctionDeclarationRef, StatementRef)]
#[derive(Debug, Eq, PartialEq, Hash, Clone, Ord, PartialOrd)]
pub enum NodeTypesRef<'db1> {
    #[subenum(DeclarationRef, StatementRef)]
    ClassDeclaration(&'db1 ClassDeclaration<'db1>),
    #[subenum(StatementRef)]
    ExpressionStatement(&'db1 ExpressionStatement<'db1>),
    #[subenum(FunctionDeclarationRef, DeclarationRef, StatementRef)]
    MethodDeclaration(&'db1 MethodDeclaration<'db1>),
}
impl<'db3> From<&'db3 ClassDeclaration<'db3>> for NodeTypesRef<'db3> {
    fn from(node: &'db3 ClassDeclaration<'db3>) -> Self {
        Self::ClassDeclaration(node)
    }
}
impl<'db3> From<&'db3 ExpressionStatement<'db3>> for NodeTypesRef<'db3> {
    fn from(node: &'db3 ExpressionStatement<'db3>) -> Self {
        Self::ExpressionStatement(node)
    }
}
impl<'db3> From<&'db3 MethodDeclaration<'db3>> for NodeTypesRef<'db3> {
    fn from(node: &'db3 MethodDeclaration<'db3>) -> Self {
        Self::MethodDeclaration(node)
    }
}
impl<'db3> NodeTypes<'db3> {
    pub fn as_ref(&'db3 self) -> NodeTypesRef<'db3> {
        match self {
            Self::ClassDeclaration(data) => NodeTypesRef::ClassDeclaration(data),
            Self::ExpressionStatement(data) => NodeTypesRef::ExpressionStatement(data),
            Self::MethodDeclaration(data) => NodeTypesRef::MethodDeclaration(data),
        }
    }
}
#[delegate_to_methods]
#[delegate(CSTNode<'db3>, target_ref = "deref")]
impl<'db3> NodeTypesRef<'db3> {
    fn deref<'db2>(&'db2 self) -> &'db2 dyn CSTNode<'db3> {
        match self {
            Self::ClassDeclaration(data) => *data,
            Self::ExpressionStatement(data) => *data,
            Self::MethodDeclaration(data) => *data,
        }
    }
}
impl<'db3> From<&'db3 NodeTypes<'db3>> for NodeTypesRef<'db3> {
    fn from(node: &'db3 NodeTypes<'db3>) -> Self {
        node.as_ref().into()
    }
}
impl<'db3> From<NodeTypesRef<'db3>> for NodeTypes<'db3> {
    fn from(node: NodeTypesRef<'db3>) -> Self {
        match node {
            NodeTypesRef::ClassDeclaration(data) => {
                Self::ClassDeclaration((*data).clone())
            }
            NodeTypesRef::ExpressionStatement(data) => {
                Self::ExpressionStatement((*data).clone())
            }
            NodeTypesRef::MethodDeclaration(data) => {
                Self::MethodDeclaration((*data).clone())
            }
        }
    }
}
impl<'db3> From<&'db3 NodeTypesRef<'db3>> for NodeTypes<'db3> {
    fn from(node: &'db3 NodeTypesRef<'db3>) -> Self {
        match node {
            NodeTypesRef::ClassDeclaration(data) => {
                Self::ClassDeclaration((*data).clone())
            }
            NodeTypesRef::ExpressionStatement(data) => {
                Self::ExpressionStatement((*data).clone())
            }
            NodeTypesRef::MethodDeclaration(data) => {
                Self::MethodDeclaration((*data).clone())
            }
        }
    }
}
impl<'db3> TryFrom<NodeTypesRef<'db3>> for &'db3 ClassDeclaration<'db3> {
    type Error = codegen_sdk_cst::ConversionError;
    fn try_from(node: NodeTypesRef<'db3>) -> Result<Self, Self::Error> {
        if let NodeTypesRef::ClassDeclaration(node) = node {
            Ok(node)
        } else {
            Err(codegen_sdk_cst::ConversionError {
                expected: "TODO".to_string(),
                actual: node.kind_name().to_string(),
                backtrace: Backtrace::capture(),
            })
        }
    }
}
impl<'db3> TryFrom<NodeTypesRef<'db3>> for &'db3 ExpressionStatement<'db3> {
    type Error = codegen_sdk_cst::ConversionError;
    fn try_from(node: NodeTypesRef<'db3>) -> Result<Self, Self::Error> {
        if let NodeTypesRef::ExpressionStatement(node) = node {
            Ok(node)
        } else {
            Err(codegen_sdk_cst::ConversionError {
                expected: "TODO".to_string(),
                actual: node.kind_name().to_string(),
                backtrace: Backtrace::capture(),
            })
        }
    }
}
impl<'db3> TryFrom<NodeTypesRef<'db3>> for &'db3 MethodDeclaration<'db3> {
    type Error = codegen_sdk_cst::ConversionError;
    fn try_from(node: NodeTypesRef<'db3>) -> Result<Self, Self::Error> {
        if let NodeTypesRef::MethodDeclaration(node) = node {
            Ok(node)
        } else {
            Err(codegen_sdk_cst::ConversionError {
                expected: "TODO".to_string(),
                actual: node.kind_name().to_string(),
                backtrace: Backtrace::capture(),
            })
        }
    }
}
impl<'db3> Declaration<'db3> {
    pub fn as_ref(&'db3 self) -> DeclarationRef<'db3> {
        match self {
            Self::ClassDeclaration(data) => DeclarationRef::ClassDeclaration(data),
            Self::MethodDeclaration(data) => DeclarationRef::MethodDeclaration(data),
        }
    }
}
#[delegate_to_methods]
#[delegate(CSTNode<'db3>, target_ref = "deref")]
impl<'db3> DeclarationRef<'db3> {
    fn deref<'db2>(&'db2 self) -> &'db2 dyn CSTNode<'db3> {
        match self {
            Self::ClassDeclaration(data) => *data,
            Self::MethodDeclaration(data) => *data,
        }
    }
}
impl<'db3> From<&'db3 Declaration<'db3>> for NodeTypesRef<'db3> {
    fn from(node: &'db3 Declaration<'db3>) -> Self {
        node.as_ref().into()
    }
}
impl<'db3> From<DeclarationRef<'db3>> for Declaration<'db3> {
    fn from(node: DeclarationRef<'db3>) -> Self {
        match node {
            DeclarationRef::ClassDeclaration(data) => {
                Self::ClassDeclaration((*data).clone())
            }
            DeclarationRef::MethodDeclaration(data) => {
                Self::MethodDeclaration((*data).clone())
            }
        }
    }
}
impl<'db3> From<&'db3 DeclarationRef<'db3>> for Declaration<'db3> {
    fn from(node: &'db3 DeclarationRef<'db3>) -> Self {
        match node {
            DeclarationRef::ClassDeclaration(data) => {
                Self::ClassDeclaration((*data).clone())
            }
            DeclarationRef::MethodDeclaration(data) => {
                Self::MethodDeclaration((*data).clone())
            }
        }
    }
}
impl<'db3> TryFrom<DeclarationRef<'db3>> for &'db3 ClassDeclaration<'db3> {
    type Error = codegen_sdk_cst::ConversionError;
    fn try_from(node: DeclarationRef<'db3>) -> Result<Self, Self::Error> {
        if let DeclarationRef::ClassDeclaration(node) = node {
            Ok(node)
        } else {
            Err(codegen_sdk_cst::ConversionError {
                expected: "TODO".to_string(),
                actual: node.kind_name().to_string(),
                backtrace: Backtrace::capture(),
            })
        }
    }
}
impl<'db3> TryFrom<DeclarationRef<'db3>> for &'db3 MethodDeclaration<'db3> {
    type Error = codegen_sdk_cst::ConversionError;
    fn try_from(node: DeclarationRef<'db3>) -> Result<Self, Self::Error> {
        if let DeclarationRef::MethodDeclaration(node) = node {
            Ok(node)
        } else {
            Err(codegen_sdk_cst::ConversionError {
                expected: "TODO".to_string(),
                actual: node.kind_name().to_string(),
                backtrace: Backtrace::capture(),
            })
        }
    }
}
impl<'db3> FunctionDeclaration<'db3> {
    pub fn as_ref(&'db3 self) -> FunctionDeclarationRef<'db3> {
        match self {
            Self::MethodDeclaration(data) => {
                FunctionDeclarationRef::MethodDeclaration(data)
            }
        }
    }
}
#[delegate_to_methods]
#[delegate(CSTNode<'db3>, target_ref = "deref")]
impl<'db3> FunctionDeclarationRef<'db3> {
    fn deref<'db2>(&'db2 self) -> &'db2 dyn CSTNode<'db3> {
        match self {
            Self::MethodDeclaration(data) => *data,
        }
    }
}
impl<'db3> From<&'db3 FunctionDeclaration<'db3>> for NodeTypesRef<'db3> {
    fn from(node: &'db3 FunctionDeclaration<'db3>) -> Self {
        node.as_ref().into()
    }
}
impl<'db3> From<FunctionDeclarationRef<'db3>> for FunctionDeclaration<'db3> {
    fn from(node: FunctionDeclarationRef<'db3>) -> Self {
        match node {
            FunctionDeclarationRef::MethodDeclaration(data) => {
                Self::MethodDeclaration((*data).clone())
            }
        }
    }
}
impl<'db3> From<&'db3 FunctionDeclarationRef<'db3>> for FunctionDeclaration<'db3> {
    fn from(node: &'db3 FunctionDeclarationRef<'db3>) -> Self {
        match node {
            FunctionDeclarationRef::MethodDeclaration(data) => {
                Self::MethodDeclaration((*data).clone())
            }
        }
    }
}
impl<'db3> TryFrom<FunctionDeclarationRef<'db3>> for &'db3 MethodDeclaration<'db3> {
    type Error = codegen_sdk_cst::ConversionError;
    fn try_from(node: FunctionDeclarationRef<'db3>) -> Result<Self, Self::Error> {
        if let FunctionDeclarationRef::MethodDeclaration(node) = node {
            Ok(node)
        } else {
            Err(codegen_sdk_cst::ConversionError {
                expected: "TODO".to_string(),
                actual: node.kind_name().to_string(),
                backtrace: Backtrace::capture(),
            })
        }
    }
}
impl<'db3> Statement<'db3> {
    pub fn as_ref(&'db3 self) -> StatementRef<'db3> {
        match self {
            Self::ClassDeclaration(data) => StatementRef::ClassDeclaration(data),
            Self::ExpressionStatement(data) => StatementRef::ExpressionStatement(data),
            Self::MethodDeclaration(data) => StatementRef::MethodDeclaration(data),
        }
    }
}
#[delegate_to_methods]
#[delegate(CSTNode<'db3>, target_ref = "deref")]
impl<'db3> StatementRef<'db3> {
    fn deref<'db2>(&'db2 self) -> &'db2 dyn CSTNode<'db3> {
        match self {
            Self::ClassDeclaration(data) => *data,
            Self::ExpressionStatement(data) => *data,
            Self::MethodDeclaration(data) => *data,
        }
    }
}
impl<'db3> From<&'db3 Statement<'db3>> for NodeTypesRef<'db3> {
    fn from(node: &'db3 Statement<'db3>) -> Self {
        node.as_ref().into()
    }
}
impl<'db3> From<StatementRef<'db3>> for Statement<'db3> {
    fn from(node: StatementRef<'db3>) -> Self {
        match node {
            StatementRef::ClassDeclaration(data) => {
                Self::ClassDeclaration((*data).clone())
            }
            StatementRef::ExpressionStatement(data) => {
                Self::ExpressionStatement((*data).clone())
            }
            StatementRef::MethodDeclaration(data) => {
                Self::MethodDeclaration((*data).clone())
            }
        }
    }
}
impl<'db3> From<&'db3 StatementRef<'db3>> for Statement<'db3> {
    fn from(node: &'db3 StatementRef<'db3>) -> Self {
        match node {
            StatementRef::ClassDeclaration(data) => {
                Self::ClassDeclaration((*data).clone())
            }
            StatementRef::ExpressionStatement(data) => {
                Self::ExpressionStatement((*data).clone())
            }
            StatementRef::MethodDeclaration(data) => {
                Self::MethodDeclaration((*data).clone())
            }
        }
    }
}
impl<'db3> TryFrom<StatementRef<'db3>> for &'db3 ClassDeclaration<'db3> {
    type Error = codegen_sdk_cst::ConversionError;
    fn try_from(node: StatementRef<'db3>) -> Result<Self, Self::Error> {
        if let StatementRef::ClassDeclaration(node) = node {
            Ok(node)
        } else {
            Err(codegen_sdk_cst::ConversionError {
                expected: "TODO".to_string(),
                actual: node.kind_name().to_string(),
                backtrace: Backtrace::capture(),
            })
        }
    }
}
impl<'db3> TryFrom<StatementRef<'db3>> for &'db3 ExpressionStatement<'db3> {
    type Error = codegen_sdk_cst::ConversionError;
    fn try_from(node: StatementRef<'db3>) -> Result<Self, Self::Error> {
        if let StatementRef::ExpressionStatement(node) = node {
            Ok(node)
        } else {
            Err(codegen_sdk_cst::ConversionError {
                expected: "TODO".to_string(),
                actual: node.kind_name().to_string(),
                backtrace: Backtrace::capture(),
            })
        }
    }
}
impl<'db3> TryFrom<StatementRef<'db3>> for &'db3 MethodDeclaration<'db3> {
    type Error = codegen_sdk_cst::ConversionError;
    fn try_from(node: StatementRef<'db3>) -> Result<Self, Self::Error> {
        if let StatementRef::MethodDeclaration(node) = node {
            Ok(node)
        } else {
            Err(codegen_sdk_cst::ConversionError {
                expected: "TODO".to_string(),
                actual: node.kind_name().to_string(),
                backtrace: Backtrace::capture(),
            })
        }
    }
}
#[derive(Debug, Eq, PartialEq, Clone, salsa::Update)]
pub struct ClassDeclaration<'db> {
    id: CSTNodeId<'db>,
    file_id: FileNodeId,
    start_byte: usize,
    end_byte: usize,
    start_position: Point<'db>,
    end_position: Point<'db>,
    #[debug(ignore)]
    buffer: Arc<Bytes>,
    is_error: bool,
}
impl<'db> FromNode<'db, NodeTypes<'db>> for ClassDeclaration<'db> {
    fn from_node(
        context: &mut ParseContext<'db, NodeTypes<'db>>,
        node: tree_sitter::Node,
    ) -> Result<(Self, Vec<indextree::NodeId>), ParseError> {
        let start_position = Point::from(context.db, node.start_position());
        let end_position = Point::from(context.db, node.end_position());
        let id = CSTNodeId::new(context.db, context.file_id, node.id(), context.root);
        let mut ids = Vec::new();
        Ok((
            Self {
                start_byte: node.start_byte(),
                end_byte: node.end_byte(),
                start_position: start_position,
                end_position: end_position,
                buffer: context.buffer.clone(),
                is_error: node.is_error(),
                id,
                file_id: context.file_id.clone(),
            },
            ids,
        ))
    }
}
impl<'db> ClassDeclaration<'db> {
    const KIND_NAME: &'static str = "class_declaration";
}
impl<'db> CSTNode<'db> for ClassDeclaration<'db> {
    fn kind_name(&self) -> &str {
        &Self::KIND_NAME
    }
    fn start_byte(&self) -> usize {
        self.start_byte
    }
    fn end_byte(&self) -> usize {
        self.end_byte
    }
    fn start_position(&self) -> Point<'db> {
        self.start_position
    }
    fn end_position(&self) -> Point<'db> {
        self.end_position
    }
    fn buffer(&self) -> &Bytes {
        &self.buffer
    }
    fn kind_id(&self) -> u16 {
        0u16
    }
    fn is_error(&self) -> bool {
        self.is_error
    }
    fn is_named(&self) -> bool {
        true
    }
    fn id(&self) -> CSTNodeId<'db> {
        self.id
    }
    fn file_id(&self) -> FileNodeId {
        self.file_id
    }
}
impl<'db1> HasChildren<'db1, NodeTypes<'db1>> for ClassDeclaration<'db1> {
    type Child<'db2> = ClassDeclaration<'db2> where Self: 'db2;
    fn children<'db2>(
        &'db2 self,
        context: &'db2 Tree<NodeTypes<'db2>>,
    ) -> Vec<Self::Child<'db2>> {
        vec![]
    }
    fn children_by_field_name<'db2>(
        &'db2 self,
        context: &'db2 Tree<NodeTypes<'db2>>,
        field_name: &str,
    ) -> Vec<Self::Child<'db2>> {
        match field_name {
            _ => vec![],
        }
    }
    fn children_by_field_id<'db2>(
        &'db2 self,
        context: &'db2 Tree<NodeTypes<'db2>>,
        field_id: u16,
    ) -> Vec<Self::Child<'db2>> {
        match field_id {
            _ => vec![],
        }
    }
}
impl<'db> std::hash::Hash for ClassDeclaration<'db> {
    fn hash<H: std::hash::Hasher>(&self, state: &mut H) {
        self.id.hash(state);
    }
}
impl<'db> PartialOrd for ClassDeclaration<'db> {
    fn partial_cmp(&self, other: &Self) -> Option<std::cmp::Ordering> {
        Some(self.cmp(other))
    }
}
impl<'db> Ord for ClassDeclaration<'db> {
    fn cmp(&self, other: &Self) -> std::cmp::Ordering {
        let res = self.start_byte().cmp(&other.start_byte());
        if res == std::cmp::Ordering::Equal {
            self.end_byte().cmp(&other.end_byte())
        } else {
            res
        }
    }
}
#[derive(Debug, Eq, PartialEq, Clone, salsa::Update)]
pub struct ExpressionStatement<'db> {
    id: CSTNodeId<'db>,
    file_id: FileNodeId,
    start_byte: usize,
    end_byte: usize,
    start_position: Point<'db>,
    end_position: Point<'db>,
    #[debug(ignore)]
    buffer: Arc<Bytes>,
    is_error: bool,
}
impl<'db> FromNode<'db, NodeTypes<'db>> for ExpressionStatement<'db> {
    fn from_node(
        context: &mut ParseContext<'db, NodeTypes<'db>>,
        node: tree_sitter::Node,
    ) -> Result<(Self, Vec<indextree::NodeId>), ParseError> {
        let start_position = Point::from(context.db, node.start_position());
        let end_position = Point::from(context.db, node.end_position());
        let id = CSTNodeId::new(context.db, context.file_id, node.id(), context.root);
        let mut ids = Vec::new();
        Ok((
            Self {
                start_byte: node.start_byte(),
                end_byte: node.end_byte(),
                start_position: start_position,
                end_position: end_position,
                buffer: context.buffer.clone(),
                is_error: node.is_error(),
                id,
                file_id: context.file_id.clone(),
            },
            ids,
        ))
    }
}
impl<'db> ExpressionStatement<'db> {
    const KIND_NAME: &'static str = "expression_statement";
}
impl<'db> CSTNode<'db> for ExpressionStatement<'db> {
    fn kind_name(&self) -> &str {
        &Self::KIND_NAME
    }
    fn start_byte(&self) -> usize {
        self.start_byte
    }
    fn end_byte(&self) -> usize {
        self.end_byte
    }
    fn start_position(&self) -> Point<'db> {
        self.start_position
    }
    fn end_position(&self) -> Point<'db> {
        self.end_position
    }
    fn buffer(&self) -> &Bytes {
        &self.buffer
    }
    fn kind_id(&self) -> u16 {
        0u16
    }
    fn is_error(&self) -> bool {
        self.is_error
    }
    fn is_named(&self) -> bool {
        true
    }
    fn id(&self) -> CSTNodeId<'db> {
        self.id
    }
    fn file_id(&self) -> FileNodeId {
        self.file_id
    }
}
impl<'db1> HasChildren<'db1, NodeTypes<'db1>> for ExpressionStatement<'db1> {
    type Child<'db2> = ExpressionStatement<'db2> where Self: 'db2;
    fn children<'db2>(
        &'db2 self,
        context: &'db2 Tree<NodeTypes<'db2>>,
    ) -> Vec<Self::Child<'db2>> {
        vec![]
    }
    fn children_by_field_name<'db2>(
        &'db2 self,
        context: &'db2 Tree<NodeTypes<'db2>>,
        field_name: &str,
    ) -> Vec<Self::Child<'db2>> {
        match field_name {
            _ => vec![],
        }
    }
    fn children_by_field_id<'db2>(
        &'db2 self,
        context: &'db2 Tree<NodeTypes<'db2>>,
        field_id: u16,
    ) -> Vec<Self::Child<'db2>> {
        match field_id {
            _ => vec![],
        }
    }
}
impl<'db> std::hash::Hash for ExpressionStatement<'db> {
    fn hash<H: std::hash::Hasher>(&self, state: &mut H) {
        self.id.hash(state);
    }
}
impl<'db> PartialOrd for ExpressionStatement<'db> {
    fn partial_cmp(&self, other: &Self) -> Option<std::cmp::Ordering> {
        Some(self.cmp(other))
    }
}
impl<'db> Ord for ExpressionStatement<'db> {
    fn cmp(&self, other: &Self) -> std::cmp::Ordering {
        let res = self.start_byte().cmp(&other.start_byte());
        if res == std::cmp::Ordering::Equal {
            self.end_byte().cmp(&other.end_byte())
        } else {
            res
        }
    }
}
#[derive(Debug, Eq, PartialEq, Clone, salsa::Update)]
pub struct MethodDeclaration<'db> {
    id: CSTNodeId<'db>,
    file_id: FileNodeId,
    start_byte: usize,
    end_byte: usize,
    start_position: Point<'db>,
    end_position: Point<'db>,
    #[debug(ignore)]
    buffer: Arc<Bytes>,
    is_error: bool,
}
impl<'db> FromNode<'db, NodeTypes<'db>> for MethodDeclaration<'db> {
    fn from_node(
        context: &mut ParseContext<'db, NodeTypes<'db>>,
        node: tree_sitter::Node,
    ) -> Result<(Self, Vec<indextree::NodeId>), ParseError> {
        let start_position = Point::from(context.db, node.start_position());
        let end_position = Point::from(context.db, node.end_position());
        let id = CSTNodeId::new(context.db, context.file_id, node.id(), context.root);
        let mut ids = Vec::new();
        Ok((
            Self {
                start_byte: node.start_byte(),
                end_byte: node.end_byte(),
                start_position: start_position,
                end_position: end_position,
                buffer: context.buffer.clone(),
                is_error: node.is_error(),
                id,
                file_id: context.file_id.clone(),
            },
            ids,
        ))
    }
}
impl<'db> MethodDeclaration<'db> {
    const KIND_NAME: &'static str = "method_declaration";
}
impl<'db> CSTNode<'db> for MethodDeclaration<'db> {
    fn kind_name(&self) -> &str {
        &Self::KIND_NAME
    }
    fn start_byte(&self) -> usize {
        self.start_byte
    }
    fn end_byte(&self) -> usize {
        self.end_byte
    }
    fn start_position(&self) -> Point<'db> {
        self.start_position
    }
    fn end_position(&self) -> Point<'db> {
        self.end_position
    }
    fn buffer(&self) -> &Bytes {
        &self.buffer
    }
    fn kind_id(&self) -> u16 {
        0u16
    }
    fn is_error(&self) -> bool {
        self.is_error
    }
    fn is_named(&self) -> bool {
        true
    }
    fn id(&self) -> CSTNodeId<'db> {
        self.id
    }
    fn file_id(&self) -> FileNodeId {
        self.file_id
    }
}
impl<'db1> HasChildren<'db1, NodeTypes<'db1>> for MethodDeclaration<'db1> {
    type Child<'db2> = MethodDeclaration<'db2> where Self: 'db2;
    fn children<'db2>(
        &'db2 self,
        context: &'db2 Tree<NodeTypes<'db2>>,
    ) -> Vec<Self::Child<'db2>> {
        vec![]
    }
    fn children_by_field_name<'db2>(
        &'db2 self,
        context: &'db2 Tree<NodeTypes<'db2>>,
        field_name: &str,
    ) -> Vec<Self::Child<'db2>> {
        match field_name {
            _ => vec![],
        }
    }
    fn children_by_field_id<'db2>(
        &'db2 self,
        context: &'db2 Tree<NodeTypes<'db2>>,
        field_id: u16,
    ) -> Vec<Self::Child<'db2>> {
        match field_id {
            _ => vec![],
        }
    }
}
impl<'db> std::hash::Hash for MethodDeclaration<'db> {
    fn hash<H: std::hash::Hasher>(&self, state: &mut H) {
        self.id.hash(state);
    }
}
impl<'db> PartialOrd for MethodDeclaration<'db> {
    fn partial_cmp(&self, other: &Self) -> Option<std::cmp::Ordering> {
        Some(self.cmp(other))
    }
}
impl<'db> Ord for MethodDeclaration<'db> {
    fn cmp(&self, other: &Self) -> std::cmp::Ordering {
        let res = self.start_byte().cmp(&other.start_byte());
        if res == std::cmp::Ordering::Equal {
            self.end_byte().cmp(&other.end_byte())
        } else {
            res
        }
    }
}
impl<'db> TreeNode for NodeTypes<'db> {}
#[salsa::tracked]
pub struct Parsed<'db> {
    #[id]
    id: FileNodeId,
    #[tracked]
    #[return_ref]
    #[no_clone]
    #[no_eq]
    pub tree: Arc<Tree<NodeTypes<'db>>>,
    pub program: indextree::NodeId,
}
pub fn parse_program_raw<'db>(
    db: &'db dyn salsa::Database,
    input: codegen_sdk_cst::File,
) -> Option<Parsed<'db>> {
    let buffer = Bytes::from(input.content(db).as_bytes().to_vec());
    let tree = codegen_sdk_common::language::language::Language
        .parse_tree_sitter(&input.content(db));
    match tree {
        Ok(tree) => {
            if tree.root_node().has_error() {
                ParseError::SyntaxError.report(db);
                None
            } else {
                let mut context = ParseContext::new(
                    db,
                    input.path(db),
                    input.root(db),
                    buffer,
                );
                let root_id = Program::orphaned(&mut context, tree.root_node())
                    .map_or_else(
                        |e| {
                            e.report(db);
                            None
                        },
                        |program| { Some(program) },
                    );
                if let Some(program) = root_id {
                    Some(
                        Parsed::new(db, context.file_id, Arc::new(context.tree), program),
                    )
                } else {
                    None
                }
            }
        }
        Err(e) => {
            e.report(db);
            None
        }
    }
}
#[salsa::tracked(return_ref)]
pub fn parse_program(
    db: &dyn salsa::Database,
    input: codegen_sdk_cst::File,
) -> Parsed<'_> {
    let raw = parse_program_raw(db, input);
    if let Some(parsed) = raw {
        parsed
    } else {
        panic!("Failed to parse program");
    }
}
pub struct Language;
impl CSTLanguage for Language {
    type Types<'db> = NodeTypes<'db>;
    type Program<'db> = Program<'db>;
    fn language() -> &'static codegen_sdk_common::language::Language {
        &codegen_sdk_common::language::language::Language
    }
    fn parse<'db>(
        db: &'db dyn salsa::Database,
        content: std::string::String,
    ) -> Option<
        (&'db Self::Program<'db>, &'db Tree<Self::Types<'db>>, indextree::NodeId),
    > {
        let input = codegen_sdk_cst::File::new(
            db,
            std::path::PathBuf::new(),
            content,
            std::path::PathBuf::new(),
        );
        let parsed = parse_program(db, input);
        let program_id = parsed.program(db);
        let tree = parsed.tree(db);
        let program = tree.get(&program_id).unwrap().as_ref();
        Some((program.try_into().unwrap(), tree, program_id))
    }
}
