---
source: codegen-sdk-cst-generator/src/generator/node.rs
expression: snapshot_tokens(&tokens)
---
# [subenum (subenum)] Test (Test < 'db1 >)
