---
source: codegen-sdk-cst-generator/src/generator/state.rs
expression: snapshot_tokens(&enum_tokens)
---
#[subenum(NodeCChildren, NodeCField)]
#[derive(Debug, Eq, PartialEq, Clone, Hash, salsa::Update, Delegate, Ord, PartialOrd)]
#[delegate(CSTNode<'db1>)]
pub enum NodeTypes<'db1> {
    #[subenum(NodeCChildren, NodeCField)]
    NodeA(NodeA<'db1>),
    #[subenum(NodeCChildren, NodeCField)]
    NodeB(NodeB<'db1>),
    NodeC(NodeC<'db1>),
}
impl<'db3> From<NodeA<'db3>> for NodeTypes<'db3> {
    fn from(node: NodeA<'db3>) -> Self {
        Self::NodeA(node)
    }
}
impl<'db3> From<NodeB<'db3>> for NodeTypes<'db3> {
    fn from(node: NodeB<'db3>) -> Self {
        Self::NodeB(node)
    }
}
impl<'db3> From<NodeC<'db3>> for NodeTypes<'db3> {
    fn from(node: NodeC<'db3>) -> Self {
        Self::NodeC(node)
    }
}
impl<'db4> FromNode<'db4, NodeTypes<'db4>> for NodeCChildren<'db4> {
    fn from_node(
        context: &mut ParseContext<'db4, NodeTypes<'db4>>,
        node: tree_sitter::Node,
    ) -> Result<(Self, Vec<indextree::NodeId>), ParseError> {
        match node.kind_id() {
            0u16 => {
                let (node, ids) = NodeB::from_node(context, node)?;
                Ok((Self::NodeB(node), ids))
            }
            _ => {
                Err(ParseError::UnexpectedNode {
                    node_type: node.kind().to_string(),
                    backtrace: Backtrace::capture(),
                })
            }
        }
    }
}
impl<'db4> FromNode<'db4, NodeTypes<'db4>> for NodeCField<'db4> {
    fn from_node(
        context: &mut ParseContext<'db4, NodeTypes<'db4>>,
        node: tree_sitter::Node,
    ) -> Result<(Self, Vec<indextree::NodeId>), ParseError> {
        match node.kind_id() {
            0u16 => {
                let (node, ids) = NodeB::from_node(context, node)?;
                Ok((Self::NodeB(node), ids))
            }
            _ => {
                Err(ParseError::UnexpectedNode {
                    node_type: node.kind().to_string(),
                    backtrace: Backtrace::capture(),
                })
            }
        }
    }
}
