---
source: codegen-sdk-cst-generator/src/generator/node.rs
expression: "snapshot_tokens(&node.get_struct_tokens(&HashSet::new()))"
---
#[derive(Debug, Eq, PartialEq, Clone, salsa::Update)]
pub struct TestNode<'db> {
    id: CSTNodeId<'db>,
    file_id: FileNodeId,
    start_byte: usize,
    end_byte: usize,
    start_position: Point<'db>,
    end_position: Point<'db>,
    #[debug(ignore)]
    buffer: Arc<Bytes>,
    is_error: bool,
}
impl<'db> FromNode<'db, NodeTypes<'db>> for TestNode<'db> {
    fn from_node(
        context: &mut ParseContext<'db, NodeTypes<'db>>,
        node: tree_sitter::Node,
    ) -> Result<(Self, Vec<indextree::NodeId>), ParseError> {
        let start_position = Point::from(context.db, node.start_position());
        let end_position = Point::from(context.db, node.end_position());
        let id = CSTNodeId::new(context.db, context.file_id, node.id(), context.root);
        let mut ids = Vec::new();
        Ok((
            Self {
                start_byte: node.start_byte(),
                end_byte: node.end_byte(),
                start_position: start_position,
                end_position: end_position,
                buffer: context.buffer.clone(),
                is_error: node.is_error(),
                id,
                file_id: context.file_id.clone(),
            },
            ids,
        ))
    }
}
impl<'db> TestNode<'db> {
    const KIND_NAME: &'static str = "test_node";
}
impl<'db> CSTNode<'db> for TestNode<'db> {
    fn kind_name(&self) -> &str {
        &Self::KIND_NAME
    }
    fn start_byte(&self) -> usize {
        self.start_byte
    }
    fn end_byte(&self) -> usize {
        self.end_byte
    }
    fn start_position(&self) -> Point<'db> {
        self.start_position
    }
    fn end_position(&self) -> Point<'db> {
        self.end_position
    }
    fn buffer(&self) -> &Bytes {
        &self.buffer
    }
    fn kind_id(&self) -> u16 {
        0u16
    }
    fn is_error(&self) -> bool {
        self.is_error
    }
    fn is_named(&self) -> bool {
        true
    }
    fn id(&self) -> CSTNodeId<'db> {
        self.id
    }
    fn file_id(&self) -> FileNodeId {
        self.file_id
    }
}
impl<'db1> HasChildren<'db1, NodeTypes<'db1>> for TestNode<'db1> {
    type Child<'db2> = TestNode<'db2> where Self: 'db2;
    fn children<'db2>(
        &'db2 self,
        context: &'db2 Tree<NodeTypes<'db2>>,
    ) -> Vec<Self::Child<'db2>> {
        vec![]
    }
    fn children_by_field_name<'db2>(
        &'db2 self,
        context: &'db2 Tree<NodeTypes<'db2>>,
        field_name: &str,
    ) -> Vec<Self::Child<'db2>> {
        match field_name {
            _ => vec![],
        }
    }
    fn children_by_field_id<'db2>(
        &'db2 self,
        context: &'db2 Tree<NodeTypes<'db2>>,
        field_id: u16,
    ) -> Vec<Self::Child<'db2>> {
        match field_id {
            _ => vec![],
        }
    }
}
impl<'db> std::hash::Hash for TestNode<'db> {
    fn hash<H: std::hash::Hasher>(&self, state: &mut H) {
        self.id.hash(state);
    }
}
impl<'db> PartialOrd for TestNode<'db> {
    fn partial_cmp(&self, other: &Self) -> Option<std::cmp::Ordering> {
        Some(self.cmp(other))
    }
}
impl<'db> Ord for TestNode<'db> {
    fn cmp(&self, other: &Self) -> std::cmp::Ordering {
        let res = self.start_byte().cmp(&other.start_byte());
        if res == std::cmp::Ordering::Equal {
            self.end_byte().cmp(&other.end_byte())
        } else {
            res
        }
    }
}
