cond,method,lML
ttt.2cells,HME,-Inf
ttt.2cells,AICm,176707831.874259
ttt.2cells,SS,4691.022510708534
ttt.2cells,PS,
