                  Welcome to Q-Chem
     A Quantum Leap Into The Future Of Chemistry


 Q-Chem 5.4 (devel), Q-Chem, Inc., Pleasanton, CA (2021)

 E. Epifanovsky,  A. T. B. Gilbert,  Xintian Feng,  Joonho Lee,  Yuezhi Mao,  
 N. Mardirossian,  P. Pokhilko,  A. White,  M. Wormit,  M. P. Coons,  
 A. L. Dempwolff,  Zhengting Gan,  D. Hait,  P. R. Horn,  L. D. Jacobson,  
 I. Kaliman,  J. Kussmann,  A. W. Lange,  Ka Un Lao,  D. S. Levine,  Jie Liu,  
 S. C. McKenzie,  A. F. Morrison,  K. Nanda,  F. Plasser,  D. R. Rehn,  
 M. L. Vidal,  Zhi-Qiang You,  Ying Zhu,  B. Alam,  B. Albrecht,  
 A. Aldossary,  E. Alguire,  J. H. Andersen,  D. Barton,  K. Begam,  A. Behn,  
 Y. A. Bernard,  E. J. Berquist,  H. Burton,  A. Carreras,  K. Carter-Fenk,  
 Romit Chakraborty,  A. D. Chien,  K. D. Closser,  V. Cofer-Shabica,  
 S. Dasgupta,  Jia Deng,  M. de Wergifosse,  M. Diedenhofen,  Hainam Do,  
 S. Ehlert,  Po-Tung Fang,  S. Fatehi,  Qingguo Feng,  T. Friedhoff,  
 J. Gayvert,  Qinghui Ge,  G. Gidofalvi,  M. Goldey,  J. Gomes,  
 C. Gonzalez-Espinoza,  S. Gulania,  A. Gunina,  M. W. D. Hanson-Heine,  
 P. H. P. Harbach,  A. W. Hauser,  M. F. Herbst,  M. Hernandez Vera,  
 M. Hodecker,  Z. C. Holden,  S. Houck,  Xunkun Huang,  Kerwin Hui,  
 B. C. Huynh,  M. Ivanov,  Hyunjun Ji,  Hanjie Jiang,  B. Kaduk,  S. Kaehler,  
 K. Khistyaev,  Jaehoon Kim,  P. Klunzinger,  Z. Koczor-Benda,  
 Joong Hoon Koh,  D. Kosenkov,  L. Koulias,  T. Kowalczyk,  C. M. Krauter,  
 K. Kue,  A. Kunitsa,  T. Kus,  A. Landau,  K. V. Lawler,  D. Lefrancois,  
 S. Lehtola,  Rain Li,  Yi-Pei Li,  Jiashu Liang,  M. Liebenthal,  
 Hung-Hsuan Lin,  You-Sheng Lin,  Fenglai Liu,  Kuan-Yu Liu,  
 M. Loipersberger,  A. Luenser,  A. Manjanath,  P. Manohar,  E. Mansoor,  
 S. F. Manzer,  Shan-Ping Mao,  A. V. Marenich,  T. Markovich,  S. Mason,  
 S. A. Maurer,  P. F. McLaughlin,  M. F. S. J. Menger,  J.-M. Mewes,  
 S. A. Mewes,  P. Morgante,  J. W. Mullinax,  K. J. Oosterbaan,  G. Paran,  
 Alexander C. Paul,  Suranjan K. Paul,  F. Pavosevic,  Zheng Pei,  S. Prager,  
 E. I. Proynov,  E. Ramos,  B. Rana,  A. E. Rask,  A. Rettig,  R. M. Richard,  
 F. Rob,  E. Rossomme,  T. Scheele,  M. Scheurer,  M. Schneider,  
 N. Sergueev,  S. M. Sharada,  W. Skomorowski,  D. W. Small,  C. J. Stein,  
 Yu-Chuan Su,  E. J. Sundstrom,  Zhen Tao,  J. Thirman,  T. Tsuchimochi,  
 N. M. Tubman,  S. P. Veccham,  O. Vydrov,  J. Wenzel,  J. Witte,  A. Yamada,  
 Kun Yao,  S. Yeganeh,  S. R. Yost,  A. Zech,  Igor Ying Zhang,  Xing Zhang,  
 Yu Zhang,  D. Zuev,  A. Aspuru-Guzik,  A. T. Bell,  N. A. Besley,  
 K. B. Bravaya,  B. R. Brooks,  D. Casanova,  Jeng-Da Chai,  S. Coriani,  
 C. J. Cramer,  A. E. DePrince, III,  R. A. DiStasio Jr.,  A. Dreuw,  
 B. D. Dunietz,  T. R. Furlani,  W. A. Goddard III,  S. Grimme,  
 S. Hammes-Schiffer,  T. Head-Gordon,  W. J. Hehre,  Chao-Ping Hsu,  
 T.-C. Jagau,  Yousung Jung,  A. Klamt,  Jing Kong,  D. S. Lambrecht,  
 WanZhen Liang,  N. J. Mayhall,  C. W. McCurdy,  J. B. Neaton,  T. Neudecker,  
 C. Ochsenfeld,  J. A. Parkhill,  R. Peverati,  V. A. Rassolov,  Yihan Shao,  
 L. V. Slipchenko,  R. P. Steele,  J. E. Subotnik,  A. J. W. Thom,  
 A. Tkatchenko,  D. G. Truhlar,  T. Van Voorhis,  T. A. Wesolowski,  
 K. B. Whaley,  H. L. Woodcock III,  P. M. Zimmerman,  S. Faraji,  
 P. M. W. Gill,  M. Head-Gordon,  J. M. Herbert,  A. I. Krylov

 Additional authors since Version 5.4.0: 
 Chandrima Chakravarty,  L. Cunha,  R. Kang,  Yongbin Kim,  S. Kotaru,  
 Shaozhi Li,  Xiangyuan Li,  F. Matz,  A. Molle,  V. Parravicini,  
 Haisheng Ren,  Hengyuan Shen,  Yingli Su,  Hung-Yi Tsai,  C. Utku,  
 Fang Wang,  Jeff Yang,  F. Zeller

 Contributors to earlier versions of Q-Chem not listed above: 
 R. D. Adamson,  B. Austin,  R. Baer,  J. Baker,  G. J. O. Beran,  
 K. Brandhorst,  S. T. Brown,  E. F. C. Byrd,  Arup K. Chakraborty,  
 G. K. L. Chan,  Chun-Min Chang,  Yunqing Chen,  C.-L. Cheng,  
 Siu Hung Chien,  D. M. Chipman,  D. L. Crittenden,  H. Dachsel,  
 R. J. Doerksen,  A. D. Dutoi,  R. G. Edgar,  J. Fosso-Tande,  
 L. Fusti-Molnar,  D. Ghosh,  A. Ghysels,  A. Golubeva-Zadorozhnaya,  
 J. Gonthier,  M. S. Gordon,  S. R. Gwaltney,  G. Hawkins,  J. E. Herr,  
 A. Heyden,  S. Hirata,  E. G. Hohenstein,  G. Kedziora,  F. J. Keil,  
 C. Kelley,  Jihan Kim,  R. A. King,  R. Z. Khaliullin,  P. P. Korambath,  
 W. Kurlancheek,  A. Laurent,  A. M. Lee,  M. S. Lee,  S. V. Levchenko,  
 Ching Yeh Lin,  D. Liotard,  E. Livshits,  R. C. Lochan,  I. Lotan,  
 L. A. Martinez-Martinez,  P. E. Maslen,  N. Nair,  D. P. O'Neill,  
 D. Neuhauser,  E. Neuscamman,  C. M. Oana,  R. Olivares-Amaya,  R. Olson,  
 T. M. Perrine,  B. Peters,  P. A. Pieniazek,  A. Prociuk,  Y. M. Rhee,  
 J. Ritchie,  M. A. Rohrdanz,  E. Rosta,  N. J. Russ,  H. F. Schaefer III,  
 M. W. Schmidt,  N. E. Schultz,  S. Sharma,  N. Shenvi,  C. D. Sherrill,  
 A. C. Simmonett,  A. Sodt,  T. Stein,  D. Stuck,  K. S. Thanthiriwatte,  
 V. Vanovschi,  L. Vogt,  Tao Wang,  A. Warshel,  M. A. Watson,  
 C. F. Williams,  Q. Wu,  X. Xu,  Jun Yang,  W. Zhang,  Yan Zhao

   Please cite Q-Chem as follows:
  "Software for the frontiers of quantum chemistry:
   An overview of developments in the Q-Chem 5 package"
   J. Chem. Phys. 155, 084801 (2021)
   https://doi.org/10.1063/5.0055522 (open access)

 Q-Chem 5.4.2 for Intel X86 EM64T Linux

 Parts of Q-Chem use Armadillo 9.900.5 (Nocturnal Misbehaviour).
 http://arma.sourceforge.net/

 Q-Chem begins on Mon Jun  6 10:13:39 2022  

 Host: cbc-nc224042.asc.ohio-state.edu
0

     Scratch files written to /var/home/scratch/broderick.62/tmp/qchem/qchem5293//
 Processing $rem in /home/broderick.62/.env/qchem/trunk/config/preferences:
 Processing $rem in /home/broderick.62/.qchemrc:
 Core orbitals will be frozen

 Checking the input file for inconsistencies... 	...done.

--------------------------------------------------------------
User input:
--------------------------------------------------------------
! Name: {name}
$molecule
0 1
H        0.95   -2.54   -1.88
H        2.19   -1.86   -2.43
$end

$rem
  method          CCSD(T)
  ! basis           def2-TZVPD
  basis           STO-3G
  job_type        sp
  thresh          14

  scf_final_print true
  !gen_scfman      false
  scf_convergence 8
  sym_ignore      true
  max_scf_cycles  100

  !mem_total       160000
  !mem_static      4000
$end
--------------------------------------------------------------
 ----------------------------------------------------------------
             Standard Nuclear Orientation (Angstroms)
    I     Atom           X                Y                Z
 ----------------------------------------------------------------
    1      H       0.9500000000    -2.5400000000    -1.8800000000
    2      H       2.1900000000    -1.8600000000    -2.4300000000
 ----------------------------------------------------------------
 Nuclear Repulsion Energy =           0.34873964 hartrees
 There are        1 alpha and        1 beta electrons
 Requested basis set is STO-3G
 There are 2 shells and 2 basis functions
 Total memory of 2000 MB is distributed as follows: 
   MEM_STATIC is set to 192 MB
   QALLOC/CCMAN JOB total memory use is  1808 MB
 Warning: actual memory use might exceed 2000 MB

 Total QAlloc Memory Limit   2000 MB
 Mega-Array Size       188 MB
 MEM_STATIC part       192 MB

                       Distance Matrix (Angstroms)
             H (  1)
   H (  2)  1.517399
 
 A cutoff of  1.0D-14 yielded      3 shell pairs
 There are         3 function pairs
 Smallest overlap matrix eigenvalue = 7.50E-01

 Scale SEOQF with 1.000000e-01/1.000000e-01/1.000000e-01

 Standard Electronic Orientation quadrupole field applied
 Guess from superposition of atomic densities
 Warning:  Energy on first SCF cycle will be non-variational
 SAD guess density has 2.000000 electrons

 -----------------------------------------------------------------------
  General SCF calculation program by
  Eric Jon Sundstrom, Paul Horn, Yuezhi Mao, Dmitri Zuev, Alec White,
  David Stuck, Shaama M.S., Shane Yost, Joonho Lee, David Small,
  Daniel Levine, Susi Lehtola, Hugh Burton, Evgeny Epifanovsky,
  Bang C. Huynh
 -----------------------------------------------------------------------
 Hartree-Fock
 using 8 threads for integral computing
 -------------------------------------------------------
 OpenMP Integral computing Module                
 Release: version 1.0, May 2013, Q-Chem Inc. Pittsburgh 
 -------------------------------------------------------
 A restricted SCF calculation will be
 performed using DIIS
 SCF converges when DIIS error is below 1.0e-08
 ---------------------------------------
  Cycle       Energy         DIIS error
 ---------------------------------------
    1      -0.5674827977      6.01e-11  
    2      -0.9056882102      2.70e-10  Convergence criterion met
 ---------------------------------------
 DFT Correlation    Energy =   0.00000000000000
 DFT Exchange       Energy =   0.00000000000000
 HF Exchange        Energy =  -0.55072907976639
 Kinetic            Energy =   0.00000000000000
 Nuclear Attraction Energy =   0.00000000000000
 One-Electron       Energy =  -1.80515692871430
 Total Coulomb      Energy =   1.10145815953278
 Final Alpha MO Eigenvalues
            1           2
    1  -0.3518494   0.2189878
 SCF time:   CPU 1.35s  wall 0.00s 
 SCF   energy in the final basis set =       -0.9056882102
 Total energy in the final basis set =       -0.9056882102


 ------------------------------------------------------------------------------

   CCMAN2: suite of methods based on coupled cluster
           and equation of motion theories.

   Components:
   * libvmm-1.3-trunk
     by Evgeny Epifanovsky, Ilya Kaliman.
   * libtensor-2.5-trunk
     by Evgeny Epifanovsky, Michael Wormit, Dmitry Zuev, Sam Manzer, 
        Ilya Kaliman.
   * libcc-2.5-trunk
     by Evgeny Epifanovsky, Arik Landau, Tomasz Kus, Kirill Khistyaev, 
        Dmitry Zuev, Prashant Manohar, Xintian Feng, Anna Krylov, 
        Matthew Goldey, Alec White, Thomas Jagau, Kaushik Nanda, 
        Anastasia Gunina, Alexander Kunitsa, Joonho Lee.

   CCMAN original authors:
   Anna I. Krylov, C. David Sherrill, Steven R. Gwaltney,
   Edward F. C. Byrd (2000)
   Sergey V. Levchenko, Lyudmila V. Slipchenko, Tao Wang,
   Ana-Maria C. Cristian (2003)
   Piotr A. Pieniazek, C. Melania Oana, Evgeny Epifanovsky (2007)
   Prashant Manohar (2009)

 ------------------------------------------------------------------------------


 Allocating and initializing 1808MB of RAM...
 Calculation will run on 8 cores.

 
 Alpha MOs, Restricted
 -- Occupied --                  
 -0.352
  1 A                                                                          
 -- Virtual --                   
  0.219
  2 A                                                                          
 
 Beta MOs, Restricted
 -- Occupied --                  
 -0.352
  1 A                                                                          
 -- Virtual --                   
  0.219
  2 A                                                                          

 Occupation and symmetry of molecular orbitals

 Point group: C1 (1 irreducible representation).

                           A     All 
 -------------------------------------
 All molecular orbitals:
  - Alpha                  2     2   
  - Beta                   2     2   
 -------------------------------------
 Alpha orbitals:
  - Frozen occupied        0     0   
  - Active occupied        1     1   
  - Active virtual         1     1   
  - Frozen virtual         0     0   
 -------------------------------------
 Beta orbitals:
  - Frozen occupied        0     0   
  - Active occupied        1     1   
  - Active virtual         1     1   
  - Frozen virtual         0     0   
 -------------------------------------

 Import integrals:   CPU 0.00 s  wall 0.00 s

m_px:
                      (0,0)                      (0,0)
                      (0,0)                      (0,0)
m_py:
                      (0,0)                      (0,0)
                      (0,0)                      (0,0)
m_pz:
                      (0,0)                      (0,0)
                      (0,0)                      (0,0)
 Import integrals:   CPU 0.41 s  wall 0.05 s

 MP2 amplitudes:   CPU 0.02 s  wall 0.00 s

Running a double precision version
           CCSD T amplitudes will be solved using DIIS.

           Start     Size      MaxIter   EConv     TConv     
           3         7         100       1.00e-06  1.00e-04  
 ------------------------------------------------------------------------------
           Energy (a.u.)   Ediff      Tdiff       Comment
 ------------------------------------------------------------------------------
            -0.95228817                           
     1      -0.97644295   2.42e-02   1.95e-01     
     2      -0.98746644   1.10e-02   1.14e-01     
     3      -0.99215755   4.69e-03   5.49e-02     
     4      -0.99549553   3.34e-03   3.95e-02     Switched to DIIS steps.
     5      -0.99542113   7.44e-05   9.61e-04     
     6      -0.99541320   7.93e-06   1.02e-04     
     7      -0.99539880   1.44e-05   6.88e-05     
     8      -0.99542103   2.22e-05   1.70e-04     
     9      -0.99539555   2.55e-05   1.28e-04     
    10      -0.99540308   7.53e-06   9.72e-05     
    11      -0.99540333   2.55e-07   3.26e-06     
 ------------------------------------------------------------------------------
            -0.99540333                           CCSD T converged.

End of double precision

WARNING: YOUR (T) CALCULATION MAY RUN OUT OF MEMORY
REDUCE CC_MEMORY OR USE CC_BACKEND=XM IF THIS HAPPENS

----------------------------------------
libpt (c) 2016-2019 Ilya Kaliman
Fast Coupled Cluster Triples Corrections
https://github.com/ilyak/libpt
----------------------------------------

 Starting (T) calculation...
 Using double precision libpt code
 Running restricted (T) code
 Using 1 integral batch

 (T) calculation completed in 0.00 sec
 (T) energy is 0.0000000000

 SCF energy                 = -0.90568821
 MP2 energy                 = -0.95228817
 CCSD correlation energy    = -0.08971512
 CCSD total energy          = -0.99540333
 CCSD(T) correlation energy =  0.00000000
 CCSD(T) total energy       = -0.99540333

 CCSD  T1^2 = 0.0000  T2^2 = 0.1513  Leading amplitudes:

 Amplitude    Orbitals with energies

 Amplitude    Orbitals with energies
 -0.3890       1 (A) A       1 (A) B     ->    2 (A) A       2 (A) B      
              -0.3518       -0.3518            0.2190        0.2190       
  0.3890       1 (A) A       1 (A) B     ->    2 (A) B       2 (A) A      
              -0.3518       -0.3518            0.2190        0.2190       
  0.3890       1 (A) B       1 (A) A     ->    2 (A) A       2 (A) B      
              -0.3518       -0.3518            0.2190        0.2190       
 -0.3890       1 (A) B       1 (A) A     ->    2 (A) B       2 (A) A      
              -0.3518       -0.3518            0.2190        0.2190       

 CCSD calculation:   CPU 0.40 s  wall 0.29 s

 Total ccman2 time:   CPU 2.72 s  wall 0.59 s

 
 --------------------------------------------------------------
 
                    Orbital Energies (a.u.)
 --------------------------------------------------------------
 
 Alpha MOs
 -- Occupied --
 -0.3518
 -- Virtual --
  0.2190
 --------------------------------------------------------------
 
          Ground-State Mulliken Net Atomic Charges

     Atom                 Charge (a.u.)
  ----------------------------------------
      1 H                    -0.000000
      2 H                     0.000000
  ----------------------------------------
  Sum of atomic charges =     0.000000

 -----------------------------------------------------------------
                    Cartesian Multipole Moments
 -----------------------------------------------------------------
    Charge (ESU x 10^10)
                 0.0000
    Dipole Moment (Debye)
         X       0.0000      Y       0.0000      Z      -0.0000
       Tot       0.0000
    Quadrupole Moments (Debye-Ang)
        XX      -1.2964     XY       0.3281     YY      -1.7148
        XZ      -0.2654     YZ      -0.1455     ZZ      -1.7770
    Octopole Moments (Debye-Ang^2)
       XXX      -6.1061    XXY       3.8823    XYY      -4.1357
       YYY      11.3174    XXZ       1.9605    XYZ      -0.3517
       YYZ       4.3356    XZZ      -1.6461    YZZ       4.5365
       ZZZ      11.4881
    Hexadecapole Moments (Debye-Ang^3)
      XXXX     -23.8694   XXXY      15.0841   XXYY     -16.2175
      XYYY      21.6564   YYYY     -52.3877   XXXZ      11.8234
      XXYZ      -6.8197   XYYZ       8.8462   YYYZ     -26.1135
      XXZZ      -7.9620   XYZZ       5.8518   YYZZ     -20.1216
      XZZZ      15.0596   YZZZ     -26.9062   ZZZZ     -51.7701
 -----------------------------------------------------------------
 Mayer SCF Bond Order, atomic valence on the diagonal:

            1           2
    1   1.0000000   1.0000000
    2   1.0000000   1.0000000


 Total job time:  1.58s(wall), 9.04s(cpu) 
 Mon Jun  6 10:13:41 2022

        *************************************************************
        *                                                           *
        *  Thank you very much for using Q-Chem.  Have a nice day.  *
        *                                                           *
        *************************************************************


