cond,method,lML
ttt.3cells,HME,-Inf
ttt.3cells,AICm,292254063.418622
ttt.3cells,SS,4974.22903216921
ttt.3cells,PS,
